-hide_banner -nostats -i <WORK>/src.mov -af pan=mono|c0=c0,highpass=f=90,afftdn=nf=-48:nr=12:tn=1,anlmdn=s=2:p=0.002:r=0.006,deesser=i=0.25,acompressor=threshold=-26dB:ratio=3:attack=5:release=120:makeup=2,equalizer=f=250:t=q:w=1.2:g=-2,equalizer=f=3200:t=q:w=1:g=2.5,equalizer=f=120:t=q:w=1:g=1,loudnorm=I=-16:TP=-1.5:LRA=11:print_format=json -f null -
-hide_banner -loglevel error -y -i <WORK>/src.mov -af pan=mono|c0=c0,highpass=f=90,afftdn=nf=-48:nr=12:tn=1,anlmdn=s=2:p=0.002:r=0.006,deesser=i=0.25,acompressor=threshold=-26dB:ratio=3:attack=5:release=120:makeup=2,equalizer=f=250:t=q:w=1.2:g=-2,equalizer=f=3200:t=q:w=1:g=2.5,equalizer=f=120:t=q:w=1:g=1,loudnorm=I=-16:TP=-1.5:LRA=11:measured_I=-20.71:measured_TP=-11.93:measured_LRA=4.80:measured_thresh=-30.82:offset=-0.07:linear=true,aresample=48000,alimiter=limit=0.89:level=false,aformat=channel_layouts=stereo -c:a pcm_s16le <WORK>/voice.wav
-hide_banner -nostats -i <WORK>/voice.wav -af ebur128=peak=true -f null -
-hide_banner -nostats -i <WORK>/voice.wav -af atrim=10:40,astats=measure_perchannel=none -f null -
-hide_banner -loglevel error -y -i src.mov -vf fps=30,crop=1920:1016:0:64,pad=1920:1080:0:64:color=0x0b1220,format=yuv420p -an -c:v libx264 -crf 15 -preset fast -pix_fmt yuv420p master_v.mp4
-hide_banner -loglevel error -y -i master_v.mp4 -i voice.wav -c:v copy -c:a pcm_s16le -shortest master.mov
-hide_banner -loglevel error -y -loop 1 -framerate 30 -t 3.2 -i cards/open.png -f lavfi -t 3.2 -i anullsrc=r=48000:cl=stereo -vf scale=1920:1080,format=yuv420p -t 3.2 -r 30 -c:v libx264 -crf 16 -preset medium -pix_fmt yuv420p -video_track_timescale 30000 -c:a aac -b:a 192k -ar 48000 -ac 2 seg/000.mp4
-hide_banner -loglevel error -y -ss 0.200 -t 5.400 -i master.mov -vf fps=30 -af anull -r 30 -c:v libx264 -crf 16 -preset medium -pix_fmt yuv420p -video_track_timescale 30000 -c:a aac -b:a 192k -ar 48000 -ac 2 seg/001.mp4
-hide_banner -loglevel error -y -ss 5.600 -t 3.300 -i master.mov -vf fps=30,crop=1920:1016:0:64,scale=w='trunc(1920*(1+0.250*((min(1,max(0,min(t/0.7,(3.300-t)/0.7))))*(min(1,max(0,min(t/0.7,(3.300-t)/0.7))))*(3-2*(min(1,max(0,min(t/0.7,(3.300-t)/0.7)))))))/2)*2':h='trunc(1016*(1+0.250*((min(1,max(0,min(t/0.7,(3.300-t)/0.7))))*(min(1,max(0,min(t/0.7,(3.300-t)/0.7))))*(3-2*(min(1,max(0,min(t/0.7,(3.300-t)/0.7)))))))/2)*2':eval=frame,crop=1920:1016:x='min(max(960*(1+0.250*((min(1,max(0,min(t/0.7,(3.300-t)/0.7))))*(min(1,max(0,min(t/0.7,(3.300-t)/0.7))))*(3-2*(min(1,max(0,min(t/0.7,(3.300-t)/0.7)))))))-960.0,0),iw-1920)':y='min(max(476*(1+0.250*((min(1,max(0,min(t/0.7,(3.300-t)/0.7))))*(min(1,max(0,min(t/0.7,(3.300-t)/0.7))))*(3-2*(min(1,max(0,min(t/0.7,(3.300-t)/0.7)))))))-508.0,0),ih-1016)',pad=1920:1080:0:64:color=0x0b1220 -af anull -r 30 -c:v libx264 -crf 16 -preset medium -pix_fmt yuv420p -video_track_timescale 30000 -c:a aac -b:a 192k -ar 48000 -ac 2 seg/002.mp4
-hide_banner -loglevel error -y -ss 8.900 -t 0.300 -i master.mov -vf fps=30 -af anull -r 30 -c:v libx264 -crf 16 -preset medium -pix_fmt yuv420p -video_track_timescale 30000 -c:a aac -b:a 192k -ar 48000 -ac 2 seg/003.mp4
-hide_banner -loglevel error -y -loop 1 -framerate 30 -t 2.4 -i cards/ch1.png -f lavfi -t 2.4 -i anullsrc=r=48000:cl=stereo -vf scale=1920:1080,format=yuv420p -t 2.4 -r 30 -c:v libx264 -crf 16 -preset medium -pix_fmt yuv420p -video_track_timescale 30000 -c:a aac -b:a 192k -ar 48000 -ac 2 seg/004.mp4
-hide_banner -loglevel error -y -ss 11.500 -t 4.000 -i master.mov -vf fps=30 -af anull -r 30 -c:v libx264 -crf 16 -preset medium -pix_fmt yuv420p -video_track_timescale 30000 -c:a aac -b:a 192k -ar 48000 -ac 2 seg/005.mp4
-hide_banner -loglevel error -y -ss 15.500 -t 4.100 -i master.mov -vf setpts=PTS/4,fps=30 -af atempo=4,volume=0 -r 30 -c:v libx264 -crf 16 -preset medium -pix_fmt yuv420p -video_track_timescale 30000 -c:a aac -b:a 192k -ar 48000 -ac 2 seg/006.mp4
-hide_banner -loglevel error -y -ss 19.600 -t 4.200 -i master.mov -vf fps=30 -af anull -r 30 -c:v libx264 -crf 16 -preset medium -pix_fmt yuv420p -video_track_timescale 30000 -c:a aac -b:a 192k -ar 48000 -ac 2 seg/007.mp4
-hide_banner -loglevel error -y -loop 1 -framerate 30 -t 5.0 -i cards/end.png -f lavfi -t 5.0 -i anullsrc=r=48000:cl=stereo -vf scale=1920:1080,format=yuv420p -t 5.0 -r 30 -c:v libx264 -crf 16 -preset medium -pix_fmt yuv420p -video_track_timescale 30000 -c:a aac -b:a 192k -ar 48000 -ac 2 seg/008.mp4
-hide_banner -loglevel error -y -f concat -safe 0 -i seg/run01.txt -c copy seg/run01.mp4
-hide_banner -loglevel error -y -f concat -safe 0 -i seg/run03.txt -c copy seg/run03.mp4
-hide_banner -loglevel error -y -i seg/000.mp4 -i seg/run01.mp4 -i seg/004.mp4 -i seg/run03.mp4 -i seg/008.mp4 -filter_complex [0:v][1:v]xfade=transition=fade:duration=0.45:offset=2.750[v1];[0:a][1:a]acrossfade=d=0.45:c1=tri:c2=tri[a1];[v1][2:v]xfade=transition=fade:duration=0.45:offset=11.300[v2];[a1][2:a]acrossfade=d=0.45:c1=tri:c2=tri[a2];[v2][3:v]xfade=transition=fade:duration=0.45:offset=13.250[v3];[a2][3:a]acrossfade=d=0.45:c1=tri:c2=tri[a3];[v3][4:v]xfade=transition=fade:duration=0.45:offset=22.033[v4];[a3][4:a]acrossfade=d=0.45:c1=tri:c2=tri[a4];[v4]fade=t=in:d=0.6,fade=t=out:st=26.233:d=0.8,format=yuv420p[vout];[a4]anull[aout] -map [vout] -map [aout] -r 30 -c:v libx264 -crf 16 -preset medium -pix_fmt yuv420p -video_track_timescale 30000 -c:a aac -b:a 192k -ar 48000 -ac 2 -movflags +faststart cut.mp4
-hide_banner -loglevel error -y -i cut.mp4 -stream_loop -1 -i <WORK>/music.wav -filter_complex [1:a]volume=0.17,atrim=0:27.033,asetpts=PTS-STARTPTS,afade=t=in:st=0:d=2,afade=t=out:st=22.533:d=4.5[m0];[0:a]asplit[v1][v2];[m0][v2]sidechaincompress=threshold=0.015:ratio=8:attack=30:release=600:makeup=1[md];[v1][md]amix=inputs=2:duration=first:normalize=0,alimiter=limit=0.89:level=false[a];[0:v]ass=overlays.ass:fontsdir=<FONTS>[v] -map [v] -map [a] -t 27.033 -c:v libx264 -crf 18 -preset slow -profile:v high -pix_fmt yuv420p -movflags +faststart -c:a aac -b:a 192k -ar 48000 fixture-polished.mp4
-hide_banner -loglevel error -y -i cut.mp4 -stream_loop -1 -i <WORK>/music.wav -filter_complex [1:a]volume=0.17,atrim=0:27.033,asetpts=PTS-STARTPTS,afade=t=in:st=0:d=2,afade=t=out:st=22.533:d=4.5[m0];[0:a]asplit[v1][v2];[m0][v2]sidechaincompress=threshold=0.015:ratio=8:attack=30:release=600:makeup=1[md];[v1][md]amix=inputs=2:duration=first:normalize=0,alimiter=limit=0.89:level=false[a];[0:v]ass=overlays_cc.ass:fontsdir=<FONTS>[v] -map [v] -map [a] -t 27.033 -c:v libx264 -crf 18 -preset slow -profile:v high -pix_fmt yuv420p -movflags +faststart -c:a aac -b:a 192k -ar 48000 fixture-polished-captions.mp4
-hide_banner -loglevel error -y -i cut.mp4 -filter_complex [0:a]anull[a];[0:v]ass=overlays.ass:fontsdir=<FONTS>[v] -map [v] -map [a] -t 27.033 -c:v libx264 -crf 18 -preset slow -profile:v high -pix_fmt yuv420p -movflags +faststart -c:a aac -b:a 192k -ar 48000 fixture-polished-no-music.mp4
-hide_banner -nostats -i fixture-polished.mp4 -af ebur128=peak=true -f null -
-hide_banner -loglevel error -y -ss 1.600 -i fixture-polished.mp4 -frames:v 1 -vf scale=640:-1,drawtext=text='1.6s open.png':x=8:y=8:fontsize=22:fontcolor=white:box=1:boxcolor=black@0.6 verify/00.png
-hide_banner -loglevel error -y -ss 4.550 -i fixture-polished.mp4 -frames:v 1 -vf scale=640:-1,drawtext=text='4.5s callout':x=8:y=8:fontsize=22:fontcolor=white:box=1:boxcolor=black@0.6 verify/01.png
-hide_banner -loglevel error -y -ss 11.075 -i fixture-polished.mp4 -frames:v 1 -vf scale=640:-1,drawtext=text='11.1s dissolve':x=8:y=8:fontsize=22:fontcolor=white:box=1:boxcolor=black@0.6 verify/02.png
-hide_banner -loglevel error -y -ss 12.500 -i fixture-polished.mp4 -frames:v 1 -vf scale=640:-1,drawtext=text='12.5s ch1.png':x=8:y=8:fontsize=22:fontcolor=white:box=1:boxcolor=black@0.6 verify/03.png
-hide_banner -loglevel error -y -ss 14.950 -i fixture-polished.mp4 -frames:v 1 -vf scale=640:-1,drawtext=text='15.0s callout':x=8:y=8:fontsize=22:fontcolor=white:box=1:boxcolor=black@0.6 verify/04.png
-hide_banner -loglevel error -y -ss 17.767 -i fixture-polished.mp4 -frames:v 1 -vf scale=640:-1,drawtext=text='17.8s badge':x=8:y=8:fontsize=22:fontcolor=white:box=1:boxcolor=black@0.6 verify/05.png
-hide_banner -loglevel error -y -ss 21.808 -i fixture-polished.mp4 -frames:v 1 -vf scale=640:-1,drawtext=text='21.8s dissolve':x=8:y=8:fontsize=22:fontcolor=white:box=1:boxcolor=black@0.6 verify/06.png
-hide_banner -loglevel error -y -ss 24.533 -i fixture-polished.mp4 -frames:v 1 -vf scale=640:-1,drawtext=text='24.5s end.png':x=8:y=8:fontsize=22:fontcolor=white:box=1:boxcolor=black@0.6 verify/07.png
-hide_banner -loglevel error -y -ss 7.250 -i master.mov -frames:v 1 -vf crop=640:360:640:360,drawtext=text='zoom 1 before, 1 to 1':x=8:y=8:fontsize=22:fontcolor=white:box=1:boxcolor=black@0.6 verify/z00a.png
-hide_banner -loglevel error -y -ss 9.800 -i fixture-polished.mp4 -frames:v 1 -vf crop=640:360:640:360,drawtext=text='zoom 1 after x1.25, 1 to 1':x=8:y=8:fontsize=22:fontcolor=white:box=1:boxcolor=black@0.6 verify/z00b.png
-hide_banner -loglevel error -y -i verify/00.png -i verify/01.png -i verify/02.png -i verify/03.png -filter_complex [0][1][2][3]hstack=inputs=4 verify/row0.png
-hide_banner -loglevel error -y -i verify/04.png -i verify/05.png -i verify/06.png -i verify/07.png -filter_complex [0][1][2][3]hstack=inputs=4 verify/row1.png
-hide_banner -loglevel error -y -f lavfi -i color=c=black:s=640x360 -frames:v 1 verify/blank.png
-hide_banner -loglevel error -y -i verify/z00a.png -i verify/z00b.png -i verify/blank.png -i verify/blank.png -filter_complex [0][1][2][3]hstack=inputs=4 verify/row2.png
-hide_banner -loglevel error -y -i verify/row0.png -i verify/row1.png -i verify/row2.png -filter_complex [0][1][2]vstack=inputs=3 verify.png
-hide_banner -nostats -i voice.wav -af ebur128 -f null -
